2025-06-02 11:25:35.067  INFO 24460 --- [main] i.g.a.g.GStreamGateApplication           : Starting GStreamGateApplication using Java 21.0.6 with PID 24460 (D:\alvin_workspace\gStreamGate\build\classes\java\main started by AlvinChiu in D:\alvin_workspace\gStreamGate)
2025-06-02 11:25:35.067 DEBUG 24460 --- [main] i.g.a.g.GStreamGateApplication           : Running with Spring Boot v3.5.0, Spring v6.2.7
2025-06-02 11:25:35.067  INFO 24460 --- [main] i.g.a.g.GStreamGateApplication           : The following 1 profile is active: "development"
2025-06-02 11:25:35.880  INFO 24460 --- [main] .s.d.r.c.RepositoryConfigurationDelegate : Bootstrapping Spring Data JPA repositories in DEFAULT mode.
2025-06-02 11:25:35.923  INFO 24460 --- [main] .s.d.r.c.RepositoryConfigurationDelegate : Finished Spring Data repository scanning in 35 ms. Found 1 JPA repository interface.
2025-06-02 11:25:37.395  WARN 24460 --- [main] io.undertow.websockets.jsr               : UT026010: Buffer pool was not set on WebSocketDeploymentInfo, the default pool will be used
2025-06-02 11:25:37.411 DEBUG 24460 --- [main] io.undertow.session                      : Setting default session timeout to 1800
2025-06-02 11:25:37.427  INFO 24460 --- [main] io.undertow.servlet                      : Initializing Spring embedded WebApplicationContext
2025-06-02 11:25:37.427  INFO 24460 --- [main] w.s.c.ServletWebServerApplicationContext : Root WebApplicationContext: initialization completed in 2299 ms
2025-06-02 11:25:37.476  INFO 24460 --- [main] i.g.a.g.config.OptimizationConfig        : Creating default SimpleMeterRegistry for metrics
2025-06-02 11:25:37.988 DEBUG 24460 --- [main] io.undertow.session                      : Registered session listener io.undertow.servlet.core.SessionListenerBridge@4627dfda
2025-06-02 11:25:38.019 DEBUG 24460 --- [main] io.undertow.session                      : Setting default session timeout to 1800
2025-06-02 11:25:38.134  INFO 24460 --- [main] com.zaxxer.hikari.HikariDataSource       : HikariPool-1 - Starting...
2025-06-02 11:25:38.305  INFO 24460 --- [main] com.zaxxer.hikari.pool.HikariPool        : HikariPool-1 - Added connection conn0: url=jdbc:h2:mem:devdb user=SA
2025-06-02 11:25:38.305  INFO 24460 --- [main] com.zaxxer.hikari.HikariDataSource       : HikariPool-1 - Start completed.
2025-06-02 11:25:38.435  INFO 24460 --- [main] o.hibernate.jpa.internal.util.LogHelper  : HHH000204: Processing PersistenceUnitInfo [name: default]
2025-06-02 11:25:38.479  INFO 24460 --- [main] org.hibernate.Version                    : HHH000412: Hibernate ORM core version 6.6.15.Final
2025-06-02 11:25:38.529  INFO 24460 --- [main] o.h.c.internal.RegionFactoryInitiator    : HHH000026: Second-level cache disabled
2025-06-02 11:25:38.846  INFO 24460 --- [main] o.s.o.j.p.SpringPersistenceUnitInfo      : No LoadTimeWeaver setup: ignoring JPA class transformer
2025-06-02 11:25:38.908  WARN 24460 --- [main] org.hibernate.orm.deprecation            : HHH90000025: H2Dialect does not need to be specified explicitly using 'hibernate.dialect' (remove the property setting and it will be selected by default)
2025-06-02 11:25:38.923  INFO 24460 --- [main] org.hibernate.orm.connections.pooling    : HHH10001005: Database info:
	Database JDBC URL [Connecting through datasource 'HikariDataSource (HikariPool-1)']
	Database driver: undefined/unknown
	Database version: 2.3.232
	Autocommit mode: undefined/unknown
	Isolation level: undefined/unknown
	Minimum pool size: undefined/unknown
	Maximum pool size: undefined/unknown
2025-06-02 11:25:39.831  INFO 24460 --- [main] o.h.e.t.j.p.i.JtaPlatformInitiator       : HHH000489: No JTA platform available (set 'hibernate.transaction.jta.platform' to enable JTA platform integration)
2025-06-02 11:25:39.833  INFO 24460 --- [main] j.LocalContainerEntityManagerFactoryBean : Initialized JPA EntityManagerFactory for persistence unit 'default'
2025-06-02 11:25:40.446 DEBUG 24460 --- [main] org.hibernate.SQL                        : 
    select
        gpm1_0.proxy_map_id,
        gpm1_0.auto_trust_upstream_certs,
        gpm1_0.connect_timeout_ms,
        gpm1_0.create_date_time,
        gpm1_0.create_user,
        gpm1_0.enable,
        gpm1_0.proxy_hostname,
        gpm1_0.read_timeout_ms,
        gpm1_0.secure_mode,
        gpm1_0.send_timeout_ms,
        gpm1_0.server_cert_content,
        gpm1_0.server_key_content,
        gpm1_0.service_name,
        gpm1_0.target_hostname,
        gpm1_0.target_port,
        gpm1_0.trusted_certs_content,
        gpm1_0.update_date_time,
        gpm1_0.update_user,
        gpm1_0.version 
    from
        GRPC_PROXY_MAP gpm1_0 
    where
        gpm1_0.enable=?
2025-06-02 11:25:46.233 DEBUG 24460 --- [main] i.g.a.g.h.HostBasedHandlerRegistry       : Initializing HostBasedHandlerRegistry, including the following hostnames: api.test.com, users.api.com
2025-06-02 11:25:46.250  INFO 24460 --- [main] i.g.a.g.controller.GrpcProxyController   : GrpcProxyController initialized
2025-06-02 11:25:46.250  INFO 24460 --- [main] i.g.a.g.controller.GrpcProxyController   : GrpcProxyController @PostConstruct - Controller is ready
2025-06-02 11:25:46.253  INFO 24460 --- [main] i.g.a.g.controller.GrpcProxyController   : Repository: OK
2025-06-02 11:25:46.253  INFO 24460 --- [main] i.g.a.g.controller.GrpcProxyController   : ProxyManager: OK
2025-06-02 11:25:46.271  INFO 24460 --- [main] i.g.a.g.config.OptimizationConfig        : Creating ConnectionPoolManager
2025-06-02 11:25:46.279  INFO 24460 --- [main] i.g.a.g.config.OptimizationConfig        : Creating CircuitBreakerManager
2025-06-02 11:25:46.284  INFO 24460 --- [main] i.g.a.g.config.OptimizationConfig        : Creating ProxyMetrics with registry: AutoConfiguredCompositeMeterRegistry
2025-06-02 11:25:46.313  INFO 24460 --- [main] i.g.a.gstreamgate.metrics.ProxyMetrics   : ProxyMetrics initialized with AutoConfiguredCompositeMeterRegistry registry
2025-06-02 11:25:46.327  INFO 24460 --- [main] i.g.a.g.config.OptimizationConfig        : Creating MemoryOptimizer
2025-06-02 11:25:46.402  INFO 24460 --- [main] i.g.a.g.optimization.MemoryOptimizer     : MemoryOptimizer initialized with object pools and caches
2025-06-02 11:25:46.412  INFO 24460 --- [main] g.a.g.m.OptimizedDynamicGrpcProxyManager : Initializing optimized dynamic gRPC proxy manager
2025-06-02 11:25:46.412  INFO 24460 --- [main] g.a.g.m.OptimizedDynamicGrpcProxyManager : Refreshing proxy mappings from database with optimizations
2025-06-02 11:25:46.415 DEBUG 24460 --- [main] org.hibernate.SQL                        : 
    select
        gpm1_0.proxy_map_id,
        gpm1_0.auto_trust_upstream_certs,
        gpm1_0.connect_timeout_ms,
        gpm1_0.create_date_time,
        gpm1_0.create_user,
        gpm1_0.enable,
        gpm1_0.proxy_hostname,
        gpm1_0.read_timeout_ms,
        gpm1_0.secure_mode,
        gpm1_0.send_timeout_ms,
        gpm1_0.server_cert_content,
        gpm1_0.server_key_content,
        gpm1_0.service_name,
        gpm1_0.target_hostname,
        gpm1_0.target_port,
        gpm1_0.trusted_certs_content,
        gpm1_0.update_date_time,
        gpm1_0.update_user,
        gpm1_0.version 
    from
        GRPC_PROXY_MAP gpm1_0 
    where
        gpm1_0.enable=?
2025-06-02 11:25:46.415  INFO 24460 --- [main] g.a.g.m.OptimizedDynamicGrpcProxyManager : Found 2 enabled proxy mappings
2025-06-02 11:25:46.415  INFO 24460 --- [main] i.g.a.g.circuit.CircuitBreakerManager    : Created circuit breaker for service: backend.test.com:8080
2025-06-02 11:25:46.415  INFO 24460 --- [main] i.g.a.g.circuit.CircuitBreakerManager    : Created circuit breaker for service: tls-detection:backend.test.com
2025-06-02 11:25:46.415  INFO 24460 --- [main] .a.g.p.ConnectionPoolManager$ChannelPool : Connection pool initialized for target: backend.test.com:8080 with 2 connections
2025-06-02 11:25:46.422  INFO 24460 --- [main] i.g.a.g.circuit.CircuitBreakerManager    : Created circuit breaker for service: users-backend.internal:9090
2025-06-02 11:25:46.422  INFO 24460 --- [main] .a.g.p.ConnectionPoolManager$ChannelPool : Connection pool initialized for target: users-backend.internal:9090 with 2 connections
2025-06-02 11:25:46.425 DEBUG 24460 --- [main] i.g.a.g.h.HostBasedHandlerRegistry       : Initializing HostBasedHandlerRegistry, including the following hostnames: api.test.com, users.api.com
2025-06-02 11:25:46.425  INFO 24460 --- [main] g.a.g.m.OptimizedDynamicGrpcProxyManager : Proxy mapping refresh completed in 12ms. Active channels: 2
2025-06-02 11:25:46.432  INFO 24460 --- [main] g.a.g.m.OptimizedDynamicGrpcProxyManager : Background tasks started
2025-06-02 11:25:46.446  INFO 24460 --- [main] i.g.a.gstreamgate.util.ExecutorManager   : ExecutorManager initialized with health check executor
2025-06-02 11:25:46.458  INFO 24460 --- [main] i.g.a.gstreamgate.config.GrpcTlsConfig   : No keystore path configured, TLS will be disabled for gRPC server
2025-06-02 11:25:46.461  INFO 24460 --- [main] i.g.a.g.server.GrpcProxyServer           : Initializing gRPC proxy server on port 9092
2025-06-02 11:25:46.461  INFO 24460 --- [main] i.g.a.g.server.GrpcProxyServer           : Starting gRPC proxy server...
2025-06-02 11:25:46.461  INFO 24460 --- [main] i.g.a.g.server.GrpcProxyServer           : Starting gRPC proxy server without TLS on port 9092 with enhanced message size limits
2025-06-02 11:25:46.461  INFO 24460 --- [main] i.g.a.g.server.GrpcProxyServer           : Registered upstream services (2):
2025-06-02 11:25:46.461  INFO 24460 --- [main] i.g.a.g.server.GrpcProxyServer           : Registered upstream service: api.test.com -> backend.test.com:8080 (TLS auto-detect) (timeouts: connect=5000ms, send=10000ms, read=30000ms)
2025-06-02 11:25:46.461  INFO 24460 --- [main] i.g.a.g.server.GrpcProxyServer           : Registered upstream service: users.api.com -> users-backend.internal:9090 (plaintext only) (timeouts: connect=5000ms, send=10000ms, read=30000ms)
2025-06-02 11:25:46.461  INFO 24460 --- [main] i.g.a.g.server.GrpcProxyServer           : Scheduling health checks for 2 upstream services
2025-06-02 11:25:46.474  INFO 24460 --- [main] i.g.a.g.server.GrpcProxyServer           : Health checks scheduled successfully
2025-06-02 11:25:46.538  INFO 24460 --- [main] i.g.a.g.server.GrpcProxyServer           : gRPC Proxy server started successfully on port 9092 (no TLS) and enhanced HTTP/2 settings
2025-06-02 11:25:46.545  INFO 24460 --- [main] i.g.a.g.server.GrpcProxyServer           : System resources: Max memory=4060MB, Total memory=106MB, Used memory=77MB, Free memory=28MB, Available processors=8
2025-06-02 11:25:46.670  WARN 24460 --- [main] JpaBaseConfiguration$JpaWebConfiguration : spring.jpa.open-in-view is enabled by default. Therefore, database queries may be performed during view rendering. Explicitly configure spring.jpa.open-in-view to disable this warning
2025-06-02 11:25:47.794  INFO 24460 --- [main] o.s.b.a.e.web.EndpointLinksResolver      : Exposing 29 endpoints beneath base path '/actuator'
2025-06-02 11:25:47.873  WARN 24460 --- [main] .s.s.UserDetailsServiceAutoConfiguration : 

Using generated security password: f3f4d2c3-47dd-4cb1-94c9-8939829a6f0f

This generated password is for development use only. Your security configuration must be updated before running your application in production.

2025-06-02 11:25:47.884  INFO 24460 --- [main] r$InitializeUserDetailsManagerConfigurer : Global AuthenticationManager configured with UserDetailsService bean with name inMemoryUserDetailsManager
2025-06-02 11:25:47.955  INFO 24460 --- [main] i.g.a.gstreamgate.config.SecurityConfig  : Configuring Security Filter Chain - allowing Actuator endpoints
2025-06-02 11:25:47.960  INFO 24460 --- [main] i.g.a.gstreamgate.config.SecurityConfig  : Setting up authorization rules
2025-06-02 11:25:47.986  INFO 24460 --- [main] i.g.a.gstreamgate.config.SecurityConfig  : Disabling CSRF for API and actuator endpoints
2025-06-02 11:25:47.986  INFO 24460 --- [main] i.g.a.gstreamgate.config.SecurityConfig  : Configuring security headers
2025-06-02 11:25:47.986  INFO 24460 --- [main] i.g.a.gstreamgate.config.SecurityConfig  : Security Filter Chain configured successfully
2025-06-02 11:25:48.719  INFO 24460 --- [main] o.s.b.a.h2.H2ConsoleAutoConfiguration    : H2 console available at '/h2-console'. Database available at 'jdbc:h2:mem:devdb'
2025-06-02 11:25:48.957  INFO 24460 --- [main] org.jboss.threads                        : JBoss Threads version 3.5.0.Final
2025-06-02 11:25:48.988  INFO 24460 --- [main] io.undertow                              : starting server: Undertow - 2.3.18.Final
2025-06-02 11:25:49.004 DEBUG 24460 --- [main] io.undertow                              : Configuring listener with protocol HTTP for interface 0.0.0.0 and port 5888
2025-06-02 11:25:49.054  INFO 24460 --- [main] o.s.b.w.e.undertow.UndertowWebServer     : Undertow started on port 5888 (http) with context path '/'
2025-06-02 11:25:49.069  INFO 24460 --- [main] i.g.a.g.i.ProxyHandlerInitializer        : Injecting adaptive managers into ProxyServerCallHandler
2025-06-02 11:25:49.069  INFO 24460 --- [main] i.g.a.g.i.ProxyHandlerInitializer        : Adaptive managers successfully injected into proxy handler
2025-06-02 11:25:49.079  INFO 24460 --- [main] i.g.a.g.config.OptimizationConfig        : Injecting optimization components into handlers
2025-06-02 11:25:49.081  INFO 24460 --- [main] i.g.a.g.config.OptimizationConfig        : Found adaptive components, will inject them as well
2025-06-02 11:25:49.084  INFO 24460 --- [main] .g.a.g.h.OptimizedProxyServerCallHandler : Optimized components injected into ProxyServerCallHandler
2025-06-02 11:25:49.084  INFO 24460 --- [main] i.g.a.g.config.OptimizationConfig        : Optimization components successfully injected
2025-06-02 11:25:49.084  INFO 24460 --- [main] i.g.a.g.GStreamGateApplication           : Started GStreamGateApplication in 14.554 seconds (process running for 15.304)
2025-06-02 11:25:49.092  INFO 24460 --- [main] i.g.a.g.i.AdaptiveManagerInitializer     : Initializing adaptive managers
2025-06-02 11:25:49.092  INFO 24460 --- [main] i.g.a.g.i.AdaptiveManagerInitializer     : Adaptive managers initialized successfully
2025-06-02 11:25:49.098  INFO 24460 --- [main] i.g.a.g.GStreamGateApplication           : Found 1 RestController beans:
2025-06-02 11:25:49.100  INFO 24460 --- [main] i.g.a.g.GStreamGateApplication           :   - grpcProxyController (io.github.alvinchiu.gstreamgate.controller.GrpcProxyController)
2025-06-02 11:25:49.100  INFO 24460 --- [main] i.g.a.g.GStreamGateApplication           : Found 1 Repository beans:
2025-06-02 11:25:49.100  INFO 24460 --- [main] i.g.a.g.GStreamGateApplication           :   - grpcProxyMapRepository (jdk.proxy2.$Proxy155)
2025-06-02 11:25:49.100  INFO 24460 --- [main] i.g.a.g.GStreamGateApplication           : gRPC Proxy Application started successfully!
2025-06-02 11:25:51.556  INFO 24460 --- [grpc-proxy-health-check-1] i.g.a.g.server.GrpcProxyServer           : Periodic tasks scheduled successfully
2025-06-02 11:26:04.165 DEBUG 24460 --- [XNIO-2 task-2] io.undertow.request.security             : Attempting to authenticate /actuator/health, authentication required: false
2025-06-02 11:26:04.167 DEBUG 24460 --- [XNIO-2 task-2] io.undertow.request.security             : Authentication outcome was NOT_ATTEMPTED with method io.undertow.security.impl.CachedAuthenticatedSessionMechanism@5effe23f for /actuator/health
2025-06-02 11:26:04.168 DEBUG 24460 --- [XNIO-2 task-2] io.undertow.request.security             : Authentication result was ATTEMPTED for /actuator/health
2025-06-02 11:26:04.171  INFO 24460 --- [XNIO-2 task-2] io.undertow.servlet                      : Initializing Spring DispatcherServlet 'dispatcherServlet'
2025-06-02 11:26:04.171  INFO 24460 --- [XNIO-2 task-2] o.s.web.servlet.DispatcherServlet        : Initializing Servlet 'dispatcherServlet'
2025-06-02 11:26:04.174  INFO 24460 --- [XNIO-2 task-2] o.s.web.servlet.DispatcherServlet        : Completed initialization in 3 ms
2025-06-02 11:26:16.539  WARN 24460 --- [grpc-proxy-health-check-2] i.g.a.g.server.GrpcProxyServer           : Upstream service unhealthy: users.api.com -> users-backend.internal:9090, message: Health check failed - connection timeout or refused
2025-06-02 11:26:19.086  INFO 24460 --- [pool-8-thread-1] i.g.a.g.handler.ProxyServerCallHandler   : Resource usage metrics: active calls=0, active client streams=0, total messages=0
2025-06-02 11:26:20.042 DEBUG 24460 --- [XNIO-2 task-2] io.undertow.request.security             : Attempting to authenticate /actuator/metrics, authentication required: false
2025-06-02 11:26:20.042 DEBUG 24460 --- [XNIO-2 task-2] io.undertow.request.security             : Authentication outcome was NOT_ATTEMPTED with method io.undertow.security.impl.CachedAuthenticatedSessionMechanism@5effe23f for /actuator/metrics
2025-06-02 11:26:20.042 DEBUG 24460 --- [XNIO-2 task-2] io.undertow.request.security             : Authentication result was ATTEMPTED for /actuator/metrics
2025-06-02 11:26:21.506  WARN 24460 --- [grpc-proxy-health-check-1] i.g.a.g.server.GrpcProxyServer           : Upstream service unhealthy: api.test.com -> backend.test.com:8080, message: Health check failed - connection timeout or refused
2025-06-02 11:26:24.695 DEBUG 24460 --- [XNIO-2 task-2] io.undertow.request.security             : Attempting to authenticate /api/proxy, authentication required: false
2025-06-02 11:26:24.695 DEBUG 24460 --- [XNIO-2 task-2] io.undertow.request.security             : Authentication outcome was NOT_ATTEMPTED with method io.undertow.security.impl.CachedAuthenticatedSessionMechanism@5effe23f for /api/proxy
2025-06-02 11:26:24.695 DEBUG 24460 --- [XNIO-2 task-2] io.undertow.request.security             : Authentication result was ATTEMPTED for /api/proxy
2025-06-02 11:26:24.711  INFO 24460 --- [XNIO-2 task-2] i.g.a.g.controller.GrpcProxyController   : GET /api/proxy - Getting all proxy mappings
2025-06-02 11:26:24.734 DEBUG 24460 --- [XNIO-2 task-2] org.hibernate.SQL                        : 
    select
        gpm1_0.proxy_map_id,
        gpm1_0.auto_trust_upstream_certs,
        gpm1_0.connect_timeout_ms,
        gpm1_0.create_date_time,
        gpm1_0.create_user,
        gpm1_0.enable,
        gpm1_0.proxy_hostname,
        gpm1_0.read_timeout_ms,
        gpm1_0.secure_mode,
        gpm1_0.send_timeout_ms,
        gpm1_0.server_cert_content,
        gpm1_0.server_key_content,
        gpm1_0.service_name,
        gpm1_0.target_hostname,
        gpm1_0.target_port,
        gpm1_0.trusted_certs_content,
        gpm1_0.update_date_time,
        gpm1_0.update_user,
        gpm1_0.version 
    from
        GRPC_PROXY_MAP gpm1_0
2025-06-02 11:26:24.739  INFO 24460 --- [XNIO-2 task-2] i.g.a.g.controller.GrpcProxyController   : Found 2 proxy mappings
2025-06-02 11:26:44.362 DEBUG 24460 --- [XNIO-2 task-2] io.undertow.request.security             : Attempting to authenticate /actuator/prometheus, authentication required: false
2025-06-02 11:26:44.362 DEBUG 24460 --- [XNIO-2 task-2] io.undertow.request.security             : Authentication outcome was NOT_ATTEMPTED with method io.undertow.security.impl.CachedAuthenticatedSessionMechanism@5effe23f for /actuator/prometheus
2025-06-02 11:26:44.362 DEBUG 24460 --- [XNIO-2 task-2] io.undertow.request.security             : Authentication result was ATTEMPTED for /actuator/prometheus
2025-06-02 11:26:46.439  INFO 24460 --- [pool-3-thread-1] g.a.g.m.OptimizedDynamicGrpcProxyManager : Proxy metrics summary: MetricsSummary{requests=1, connections=2, errorRate=0.00%, avgResponseTime=12.45ms, bytesTransferred=0, memoryUsage=61MB, targets=2}
2025-06-02 11:26:46.440  INFO 24460 --- [pool-3-thread-1] g.a.g.m.OptimizedDynamicGrpcProxyManager : Connection pool statistics:
2025-06-02 11:26:46.440  INFO 24460 --- [pool-3-thread-1] g.a.g.m.OptimizedDynamicGrpcProxyManager :   backend.test.com:8080: PoolStatistics{target='backend.test.com:8080', active=2, total=2, max=8, requests=1, utilization=25.00%}
2025-06-02 11:26:46.440  INFO 24460 --- [pool-3-thread-1] g.a.g.m.OptimizedDynamicGrpcProxyManager :   users-backend.internal:9090: PoolStatistics{target='users-backend.internal:9090', active=2, total=2, max=8, requests=1, utilization=25.00%}
2025-06-02 11:26:46.441  INFO 24460 --- [pool-3-thread-1] g.a.g.m.OptimizedDynamicGrpcProxyManager : Circuit breaker statistics:
2025-06-02 11:26:46.442  INFO 24460 --- [pool-3-thread-1] g.a.g.m.OptimizedDynamicGrpcProxyManager : Memory statistics: MemoryStatistics{used=61MB/1.5%, peak=61MB, netAllocated=0MB, responseCacheSize=0, metadataCacheSize=0}
2025-06-02 11:26:46.486  WARN 24460 --- [grpc-proxy-health-check-2] i.g.a.g.server.GrpcProxyServer           : Upstream service unhealthy: users.api.com -> users-backend.internal:9090, message: Health check failed - connection timeout or refused
2025-06-02 11:26:49.088  INFO 24460 --- [pool-8-thread-1] i.g.a.g.handler.ProxyServerCallHandler   : Resource usage metrics: active calls=0, active client streams=0, total messages=0
2025-06-02 11:26:51.498  WARN 24460 --- [grpc-proxy-health-check-1] i.g.a.g.server.GrpcProxyServer           : Upstream service unhealthy: api.test.com -> backend.test.com:8080, message: Health check failed - connection timeout or refused
2025-06-02 11:26:52.090 DEBUG 24460 --- [XNIO-2 task-2] io.undertow.request.security             : Attempting to authenticate /api/proxy/enabled, authentication required: false
2025-06-02 11:26:52.090 DEBUG 24460 --- [XNIO-2 task-2] io.undertow.request.security             : Authentication outcome was NOT_ATTEMPTED with method io.undertow.security.impl.CachedAuthenticatedSessionMechanism@5effe23f for /api/proxy/enabled
2025-06-02 11:26:52.090 DEBUG 24460 --- [XNIO-2 task-2] io.undertow.request.security             : Authentication result was ATTEMPTED for /api/proxy/enabled
2025-06-02 11:26:52.093  INFO 24460 --- [XNIO-2 task-2] i.g.a.g.controller.GrpcProxyController   : GET /api/proxy/enabled - Getting enabled proxy mappings
2025-06-02 11:26:52.095 DEBUG 24460 --- [XNIO-2 task-2] org.hibernate.SQL                        : 
    select
        gpm1_0.proxy_map_id,
        gpm1_0.auto_trust_upstream_certs,
        gpm1_0.connect_timeout_ms,
        gpm1_0.create_date_time,
        gpm1_0.create_user,
        gpm1_0.enable,
        gpm1_0.proxy_hostname,
        gpm1_0.read_timeout_ms,
        gpm1_0.secure_mode,
        gpm1_0.send_timeout_ms,
        gpm1_0.server_cert_content,
        gpm1_0.server_key_content,
        gpm1_0.service_name,
        gpm1_0.target_hostname,
        gpm1_0.target_port,
        gpm1_0.trusted_certs_content,
        gpm1_0.update_date_time,
        gpm1_0.update_user,
        gpm1_0.version 
    from
        GRPC_PROXY_MAP gpm1_0 
    where
        gpm1_0.enable=?
2025-06-02 11:26:52.098  INFO 24460 --- [XNIO-2 task-2] i.g.a.g.controller.GrpcProxyController   : Found 2 enabled proxy mappings
2025-06-02 11:26:58.308 DEBUG 24460 --- [XNIO-2 task-2] io.undertow.request.security             : Attempting to authenticate /api/proxy/{id}, authentication required: false
2025-06-02 11:26:58.308 DEBUG 24460 --- [XNIO-2 task-2] io.undertow.request.security             : Authentication outcome was NOT_ATTEMPTED with method io.undertow.security.impl.CachedAuthenticatedSessionMechanism@5effe23f for /api/proxy/%7Bid%7D
2025-06-02 11:26:58.308 DEBUG 24460 --- [XNIO-2 task-2] io.undertow.request.security             : Authentication result was ATTEMPTED for /api/proxy/{id}
2025-06-02 11:26:58.318  WARN 24460 --- [XNIO-2 task-2] .w.s.m.s.DefaultHandlerExceptionResolver : Resolved [org.springframework.web.method.annotation.MethodArgumentTypeMismatchException: Method parameter 'id': Failed to convert value of type 'java.lang.String' to required type 'java.lang.Long'; For input string: "{id}"]
2025-06-02 11:26:58.337 DEBUG 24460 --- [XNIO-2 task-2] io.undertow.session                      : Setting max inactive interval for null to 1800
2025-06-02 11:26:58.338 DEBUG 24460 --- [XNIO-2 task-2] io.undertow.session                      : Created session with id O434wh9QlBhtDMykgYRmYkIlA8Ssv9xBSRuJL9Qp for exchange HttpServerExchange{ GET /error}
2025-06-02 11:27:10.641 DEBUG 24460 --- [XNIO-2 task-2] io.undertow.request.security             : Attempting to authenticate /api/proxy, authentication required: false
2025-06-02 11:27:10.641 DEBUG 24460 --- [XNIO-2 task-2] io.undertow.request.security             : Authentication outcome was NOT_ATTEMPTED with method io.undertow.security.impl.CachedAuthenticatedSessionMechanism@5effe23f for /api/proxy
2025-06-02 11:27:10.641 DEBUG 24460 --- [XNIO-2 task-2] io.undertow.request.security             : Authentication result was ATTEMPTED for /api/proxy
2025-06-02 11:27:10.701  INFO 24460 --- [XNIO-2 task-2] i.g.a.g.controller.GrpcProxyController   : POST /api/proxy - Creating new proxy mapping: proxy01.local
2025-06-02 11:27:10.735 DEBUG 24460 --- [XNIO-2 task-2] org.hibernate.SQL                        : 
    insert 
    into
        GRPC_PROXY_MAP
        (auto_trust_upstream_certs, connect_timeout_ms, create_date_time, create_user, enable, proxy_hostname, read_timeout_ms, secure_mode, send_timeout_ms, server_cert_content, server_key_content, service_name, target_hostname, target_port, trusted_certs_content, update_date_time, update_user, version, proxy_map_id) 
    values
        (?, ?, ?, ?, ?, ?, ?, ?, ?, ?, ?, ?, ?, ?, ?, ?, ?, ?, default)
2025-06-02 11:27:10.768  INFO 24460 --- [XNIO-2 task-2] i.g.a.g.controller.GrpcProxyController   : Created proxy mapping with ID: 3
2025-06-02 11:27:10.769 DEBUG 24460 --- [XNIO-2 task-2] i.g.a.g.h.HostBasedHandlerRegistry       : Initializing HostBasedHandlerRegistry, including the following hostnames: proxy01.local, api.test.com, users.api.com
2025-06-02 11:27:10.770  INFO 24460 --- [XNIO-2 task-2] i.g.a.g.server.GrpcProxyServer           : Received proxy configuration change event: ProxyConfigChangedEvent{changeType=ADDED, proxyHostname='proxy01.local'}
2025-06-02 11:27:10.770  INFO 24460 --- [XNIO-2 task-2] i.g.a.g.server.GrpcProxyServer           : Restarting gRPC proxy server...
2025-06-02 11:27:10.770  INFO 24460 --- [XNIO-2 task-2] i.g.a.g.server.GrpcProxyServer           : Stopping gRPC proxy server...
2025-06-02 11:27:10.778  INFO 24460 --- [XNIO-2 task-2] i.g.a.g.server.GrpcProxyServer           : gRPC proxy server stopped
2025-06-02 11:27:10.778  INFO 24460 --- [XNIO-2 task-2] i.g.a.g.server.GrpcProxyServer           : Starting gRPC proxy server...
2025-06-02 11:27:10.779  INFO 24460 --- [XNIO-2 task-2] i.g.a.g.server.GrpcProxyServer           : Starting gRPC proxy server without TLS on port 9092 with enhanced message size limits
2025-06-02 11:27:10.779  INFO 24460 --- [XNIO-2 task-2] i.g.a.g.server.GrpcProxyServer           : Registered upstream services (3):
2025-06-02 11:27:10.779  INFO 24460 --- [XNIO-2 task-2] i.g.a.g.server.GrpcProxyServer           : Registered upstream service: proxy01.local -> serv01.grpc.dev:50051 (plaintext only) (timeouts: connect=5000ms, send=10000ms, read=30000ms)
2025-06-02 11:27:10.779  INFO 24460 --- [XNIO-2 task-2] i.g.a.g.server.GrpcProxyServer           : Registered upstream service: api.test.com -> backend.test.com:8080 (TLS auto-detect) (timeouts: connect=5000ms, send=10000ms, read=30000ms)
2025-06-02 11:27:10.779  INFO 24460 --- [XNIO-2 task-2] i.g.a.g.server.GrpcProxyServer           : Registered upstream service: users.api.com -> users-backend.internal:9090 (plaintext only) (timeouts: connect=5000ms, send=10000ms, read=30000ms)
2025-06-02 11:27:10.779  INFO 24460 --- [XNIO-2 task-2] i.g.a.g.server.GrpcProxyServer           : Scheduling health checks for 3 upstream services
2025-06-02 11:27:10.779  INFO 24460 --- [XNIO-2 task-2] i.g.a.g.server.GrpcProxyServer           : Health checks scheduled successfully
2025-06-02 11:27:10.781  INFO 24460 --- [XNIO-2 task-2] i.g.a.g.server.GrpcProxyServer           : gRPC Proxy server started successfully on port 9092 (no TLS) and enhanced HTTP/2 settings
2025-06-02 11:27:10.781  INFO 24460 --- [XNIO-2 task-2] i.g.a.g.server.GrpcProxyServer           : System resources: Max memory=4060MB, Total memory=128MB, Used memory=68MB, Free memory=59MB, Available processors=8
2025-06-02 11:27:10.782  INFO 24460 --- [XNIO-2 task-2] i.g.a.g.server.GrpcProxyServer           : Server restarted successfully due to configuration change
2025-06-02 11:27:10.782  INFO 24460 --- [XNIO-2 task-2] i.g.a.g.controller.GrpcProxyController   : Registered proxy mapping with manager: proxy01.local
2025-06-02 11:27:15.793  INFO 24460 --- [grpc-proxy-health-check-1] i.g.a.g.server.GrpcProxyServer           : Periodic tasks scheduled successfully
2025-06-02 11:27:19.086  INFO 24460 --- [pool-8-thread-1] i.g.a.g.handler.ProxyServerCallHandler   : Resource usage metrics: active calls=0, active client streams=0, total messages=0
2025-06-02 11:27:40.800  WARN 24460 --- [grpc-proxy-health-check-2] i.g.a.g.server.GrpcProxyServer           : Upstream service unhealthy: proxy01.local -> serv01.grpc.dev:50051, message: Health check failed - connection timeout or refused
2025-06-02 11:27:40.824  WARN 24460 --- [grpc-proxy-health-check-2] i.g.a.g.server.GrpcProxyServer           : Upstream service unhealthy: users.api.com -> users-backend.internal:9090, message: Health check failed - connection timeout or refused
2025-06-02 11:27:45.795  WARN 24460 --- [grpc-proxy-health-check-1] i.g.a.g.server.GrpcProxyServer           : Upstream service unhealthy: api.test.com -> backend.test.com:8080, message: Health check failed - connection timeout or refused
2025-06-02 11:27:46.439  INFO 24460 --- [pool-3-thread-3] g.a.g.m.OptimizedDynamicGrpcProxyManager : Proxy metrics summary: MetricsSummary{requests=1, connections=2, errorRate=0.00%, avgResponseTime=12.45ms, bytesTransferred=0, memoryUsage=68MB, targets=2}
2025-06-02 11:27:46.441  INFO 24460 --- [pool-3-thread-3] g.a.g.m.OptimizedDynamicGrpcProxyManager : Connection pool statistics:
2025-06-02 11:27:46.441  INFO 24460 --- [pool-3-thread-3] g.a.g.m.OptimizedDynamicGrpcProxyManager :   backend.test.com:8080: PoolStatistics{target='backend.test.com:8080', active=2, total=2, max=8, requests=1, utilization=25.00%}
2025-06-02 11:27:46.441  INFO 24460 --- [pool-3-thread-3] g.a.g.m.OptimizedDynamicGrpcProxyManager :   users-backend.internal:9090: PoolStatistics{target='users-backend.internal:9090', active=2, total=2, max=8, requests=1, utilization=25.00%}
2025-06-02 11:27:46.441  INFO 24460 --- [pool-3-thread-3] g.a.g.m.OptimizedDynamicGrpcProxyManager : Circuit breaker statistics:
2025-06-02 11:27:46.441  INFO 24460 --- [pool-3-thread-3] g.a.g.m.OptimizedDynamicGrpcProxyManager : Memory statistics: MemoryStatistics{used=68MB/1.7%, peak=68MB, netAllocated=0MB, responseCacheSize=0, metadataCacheSize=0}
2025-06-02 11:27:49.119  INFO 24460 --- [pool-8-thread-1] i.g.a.g.handler.ProxyServerCallHandler   : Resource usage metrics: active calls=0, active client streams=0, total messages=0
2025-06-02 11:28:10.801  WARN 24460 --- [grpc-proxy-health-check-1] i.g.a.g.server.GrpcProxyServer           : Upstream service unhealthy: proxy01.local -> serv01.grpc.dev:50051, message: Health check failed - connection timeout or refused
2025-06-02 11:28:10.815  WARN 24460 --- [grpc-proxy-health-check-1] i.g.a.g.server.GrpcProxyServer           : Upstream service unhealthy: users.api.com -> users-backend.internal:9090, message: Health check failed - connection timeout or refused
2025-06-02 11:28:10.848 DEBUG 24460 --- [XNIO-2 I/O-1] io.undertow.request                      : Timing out idle connection from /[0:0:0:0:0:0:0:1]:62983
2025-06-02 11:28:15.791  WARN 24460 --- [grpc-proxy-health-check-2] i.g.a.g.server.GrpcProxyServer           : Upstream service unhealthy: api.test.com -> backend.test.com:8080, message: Health check failed - connection timeout or refused
2025-06-02 11:28:19.083  INFO 24460 --- [pool-8-thread-1] i.g.a.g.handler.ProxyServerCallHandler   : Resource usage metrics: active calls=0, active client streams=0, total messages=0
2025-06-02 11:28:40.798  WARN 24460 --- [grpc-proxy-health-check-2] i.g.a.g.server.GrpcProxyServer           : Upstream service unhealthy: proxy01.local -> serv01.grpc.dev:50051, message: Health check failed - connection timeout or refused
2025-06-02 11:28:40.841  WARN 24460 --- [grpc-proxy-health-check-2] i.g.a.g.server.GrpcProxyServer           : Upstream service unhealthy: users.api.com -> users-backend.internal:9090, message: Health check failed - connection timeout or refused
2025-06-02 11:28:45.810  WARN 24460 --- [grpc-proxy-health-check-1] i.g.a.g.server.GrpcProxyServer           : Upstream service unhealthy: api.test.com -> backend.test.com:8080, message: Health check failed - connection timeout or refused
2025-06-02 11:28:46.436  INFO 24460 --- [pool-3-thread-3] g.a.g.m.OptimizedDynamicGrpcProxyManager : Proxy metrics summary: MetricsSummary{requests=1, connections=2, errorRate=0.00%, avgResponseTime=12.45ms, bytesTransferred=0, memoryUsage=68MB, targets=2}
2025-06-02 11:28:46.437  INFO 24460 --- [pool-3-thread-3] g.a.g.m.OptimizedDynamicGrpcProxyManager : Connection pool statistics:
2025-06-02 11:28:46.437  INFO 24460 --- [pool-3-thread-3] g.a.g.m.OptimizedDynamicGrpcProxyManager :   backend.test.com:8080: PoolStatistics{target='backend.test.com:8080', active=2, total=2, max=8, requests=1, utilization=25.00%}
2025-06-02 11:28:46.438  INFO 24460 --- [pool-3-thread-3] g.a.g.m.OptimizedDynamicGrpcProxyManager :   users-backend.internal:9090: PoolStatistics{target='users-backend.internal:9090', active=2, total=2, max=8, requests=1, utilization=25.00%}
2025-06-02 11:28:46.438  INFO 24460 --- [pool-3-thread-3] g.a.g.m.OptimizedDynamicGrpcProxyManager : Circuit breaker statistics:
2025-06-02 11:28:46.439  INFO 24460 --- [pool-3-thread-3] g.a.g.m.OptimizedDynamicGrpcProxyManager : Memory statistics: MemoryStatistics{used=68MB/1.7%, peak=68MB, netAllocated=0MB, responseCacheSize=0, metadataCacheSize=0}
2025-06-02 11:28:49.086  INFO 24460 --- [pool-8-thread-1] i.g.a.g.handler.ProxyServerCallHandler   : Resource usage metrics: active calls=0, active client streams=0, total messages=0
2025-06-02 11:29:10.807  WARN 24460 --- [grpc-proxy-health-check-1] i.g.a.g.server.GrpcProxyServer           : Upstream service unhealthy: proxy01.local -> serv01.grpc.dev:50051, message: Health check failed - connection timeout or refused
2025-06-02 11:29:10.823  WARN 24460 --- [grpc-proxy-health-check-1] i.g.a.g.server.GrpcProxyServer           : Upstream service unhealthy: users.api.com -> users-backend.internal:9090, message: Health check failed - connection timeout or refused
2025-06-02 11:29:15.796  WARN 24460 --- [grpc-proxy-health-check-2] i.g.a.g.server.GrpcProxyServer           : Upstream service unhealthy: api.test.com -> backend.test.com:8080, message: Health check failed - connection timeout or refused
2025-06-02 11:29:19.097  INFO 24460 --- [pool-8-thread-1] i.g.a.g.handler.ProxyServerCallHandler   : Resource usage metrics: active calls=0, active client streams=0, total messages=0
2025-06-02 11:29:40.797  WARN 24460 --- [grpc-proxy-health-check-2] i.g.a.g.server.GrpcProxyServer           : Upstream service unhealthy: proxy01.local -> serv01.grpc.dev:50051, message: Health check failed - connection timeout or refused
2025-06-02 11:29:40.832  WARN 24460 --- [grpc-proxy-health-check-2] i.g.a.g.server.GrpcProxyServer           : Upstream service unhealthy: users.api.com -> users-backend.internal:9090, message: Health check failed - connection timeout or refused
2025-06-02 11:29:45.809  WARN 24460 --- [grpc-proxy-health-check-1] i.g.a.g.server.GrpcProxyServer           : Upstream service unhealthy: api.test.com -> backend.test.com:8080, message: Health check failed - connection timeout or refused
2025-06-02 11:29:46.435  INFO 24460 --- [pool-3-thread-1] g.a.g.m.OptimizedDynamicGrpcProxyManager : Proxy metrics summary: MetricsSummary{requests=1, connections=2, errorRate=0.00%, avgResponseTime=12.45ms, bytesTransferred=0, memoryUsage=68MB, targets=2}
2025-06-02 11:29:46.437  INFO 24460 --- [pool-3-thread-1] g.a.g.m.OptimizedDynamicGrpcProxyManager : Connection pool statistics:
2025-06-02 11:29:46.437  INFO 24460 --- [pool-3-thread-1] g.a.g.m.OptimizedDynamicGrpcProxyManager :   backend.test.com:8080: PoolStatistics{target='backend.test.com:8080', active=2, total=2, max=8, requests=1, utilization=25.00%}
2025-06-02 11:29:46.438  INFO 24460 --- [pool-3-thread-1] g.a.g.m.OptimizedDynamicGrpcProxyManager :   users-backend.internal:9090: PoolStatistics{target='users-backend.internal:9090', active=2, total=2, max=8, requests=1, utilization=25.00%}
2025-06-02 11:29:46.438  INFO 24460 --- [pool-3-thread-1] g.a.g.m.OptimizedDynamicGrpcProxyManager : Circuit breaker statistics:
2025-06-02 11:29:46.438  INFO 24460 --- [pool-3-thread-1] g.a.g.m.OptimizedDynamicGrpcProxyManager : Memory statistics: MemoryStatistics{used=68MB/1.7%, peak=68MB, netAllocated=0MB, responseCacheSize=0, metadataCacheSize=0}
2025-06-02 11:29:49.083  INFO 24460 --- [pool-8-thread-1] i.g.a.g.handler.ProxyServerCallHandler   : Resource usage metrics: active calls=0, active client streams=0, total messages=0
