2025-05-28 16:27:49 [main] INFO  i.g.a.g.GStreamGateApplication - Starting GStreamGateApplication v0.0.1-SNAPSHOT using Java 21.0.6 with PID 12544 (D:\alvin_workspace\gStreamGate\build\libs\gStreamGate-0.0.1-SNAPSHOT.jar started by AlvinChiu in D:\alvin_workspace\gStreamGate)
2025-05-28 16:27:49 [main] DEBUG i.g.a.g.GStreamGateApplication - Running with Spring Boot v3.5.0, Spring v6.2.7
2025-05-28 16:27:49 [main] INFO  i.g.a.g.GStreamGateApplication - No active profile set, falling back to 1 default profile: "default"
2025-05-28 16:27:50 [main] INFO  o.s.d.r.c.RepositoryConfigurationDelegate - Bootstrapping Spring Data JPA repositories in DEFAULT mode.
2025-05-28 16:27:50 [main] INFO  o.s.d.r.c.RepositoryConfigurationDelegate - Finished Spring Data repository scanning in 71 ms. Found 1 JPA repository interface.
2025-05-28 16:27:51 [main] INFO  o.s.b.w.e.tomcat.TomcatWebServer - Tomcat initialized with port 8080 (http)
2025-05-28 16:27:51 [main] INFO  o.a.coyote.http11.Http11NioProtocol - Initializing ProtocolHandler ["http-nio-8080"]
2025-05-28 16:27:51 [main] INFO  o.a.catalina.core.StandardService - Starting service [Tomcat]
2025-05-28 16:27:51 [main] INFO  o.a.catalina.core.StandardEngine - Starting Servlet engine: [Apache Tomcat/10.1.41]
2025-05-28 16:27:51 [main] INFO  o.a.c.c.C.[Tomcat].[localhost].[/] - Initializing Spring embedded WebApplicationContext
2025-05-28 16:27:51 [main] INFO  o.s.b.w.s.c.ServletWebServerApplicationContext - Root WebApplicationContext: initialization completed in 2000 ms
2025-05-28 16:27:51 [main] INFO  com.zaxxer.hikari.HikariDataSource - HikariPool-1 - Starting...
2025-05-28 16:27:51 [main] INFO  com.zaxxer.hikari.pool.HikariPool - HikariPool-1 - Added connection conn0: url=jdbc:h2:mem:gstreamgate user=SA
2025-05-28 16:27:51 [main] INFO  com.zaxxer.hikari.HikariDataSource - HikariPool-1 - Start completed.
2025-05-28 16:27:51 [main] INFO  o.h.jpa.internal.util.LogHelper - HHH000204: Processing PersistenceUnitInfo [name: default]
2025-05-28 16:27:52 [main] INFO  org.hibernate.Version - HHH000412: Hibernate ORM core version 6.6.15.Final
2025-05-28 16:27:52 [main] INFO  o.h.c.i.RegionFactoryInitiator - HHH000026: Second-level cache disabled
2025-05-28 16:27:52 [main] INFO  o.s.o.j.p.SpringPersistenceUnitInfo - No LoadTimeWeaver setup: ignoring JPA class transformer
2025-05-28 16:27:52 [main] WARN  org.hibernate.orm.deprecation - HHH90000025: H2Dialect does not need to be specified explicitly using 'hibernate.dialect' (remove the property setting and it will be selected by default)
2025-05-28 16:27:52 [main] INFO  o.hibernate.orm.connections.pooling - HHH10001005: Database info:
	Database JDBC URL [Connecting through datasource 'HikariDataSource (HikariPool-1)']
	Database driver: undefined/unknown
	Database version: 2.2.224
	Autocommit mode: undefined/unknown
	Isolation level: undefined/unknown
	Minimum pool size: undefined/unknown
	Maximum pool size: undefined/unknown
2025-05-28 16:27:54 [main] INFO  o.h.e.t.j.p.i.JtaPlatformInitiator - HHH000489: No JTA platform available (set 'hibernate.transaction.jta.platform' to enable JTA platform integration)
2025-05-28 16:27:54 [main] INFO  o.s.o.j.LocalContainerEntityManagerFactoryBean - Initialized JPA EntityManagerFactory for persistence unit 'default'
2025-05-28 16:27:55 [main] DEBUG i.g.a.g.m.DynamicGrpcProxyManager - Initializing dynamic gRPC proxy manager
2025-05-28 16:27:55 [main] DEBUG i.g.a.g.m.DynamicGrpcProxyManager - Refreshing proxy mappings from database
2025-05-28 16:27:55 [main] DEBUG i.g.a.g.m.DynamicGrpcProxyManager - Found 0 enabled proxy mappings
2025-05-28 16:27:55 [main] WARN  i.g.a.g.h.HostBasedHandlerRegistry - Initializing HostBasedHandlerRegistry, but no hostnames are included
2025-05-28 16:27:55 [main] DEBUG i.g.a.g.m.DynamicGrpcProxyManager - Proxy mapping refresh completed. Active channels: 0, hostnames: 
2025-05-28 16:27:55 [main] ERROR i.g.a.g.config.GrpcTlsConfig - Could not find keystore file: classpath:keystore/server.p12
2025-05-28 16:27:55 [main] INFO  i.g.a.g.server.GrpcProxyServer - Initializing gRPC proxy server on port 50051
2025-05-28 16:27:55 [main] INFO  i.g.a.g.server.GrpcProxyServer - Starting gRPC proxy server...
2025-05-28 16:27:55 [main] INFO  i.g.a.g.server.GrpcProxyServer - Starting gRPC proxy server without TLS on port 50051 with enhanced message size limits
2025-05-28 16:27:55 [main] DEBUG i.g.a.g.server.GrpcProxyServer - TLS configuration: enabled=false, sslContext=null
2025-05-28 16:27:55 [main] WARN  i.g.a.g.server.GrpcProxyServer - No upstream services registered. Proxy server will start but won't forward any requests
2025-05-28 16:27:55 [main] INFO  i.g.a.g.server.GrpcProxyServer - gRPC Proxy server started successfully on port 50051 (no TLS) and enhanced HTTP/2 settings
2025-05-28 16:27:55 [main] INFO  i.g.a.g.server.GrpcProxyServer - System resources: Max memory=4060MB, Total memory=80MB, Used memory=53MB, Free memory=26MB, Available processors=8
2025-05-28 16:27:55 [main] WARN  o.s.b.a.o.j.JpaBaseConfiguration$JpaWebConfiguration - spring.jpa.open-in-view is enabled by default. Therefore, database queries may be performed during view rendering. Explicitly configure spring.jpa.open-in-view to disable this warning
2025-05-28 16:27:56 [main] INFO  o.s.b.a.h.H2ConsoleAutoConfiguration - H2 console available at '/h2-console'. Database available at 'jdbc:h2:mem:gstreamgate'
2025-05-28 16:27:56 [main] WARN  o.s.b.a.s.s.UserDetailsServiceAutoConfiguration - 

Using generated security password: 1d369de1-8099-4636-8ed1-12aba8c366c2

This generated password is for development use only. Your security configuration must be updated before running your application in production.

2025-05-28 16:27:56 [main] INFO  o.s.s.c.a.a.c.InitializeUserDetailsBeanManagerConfigurer$InitializeUserDetailsManagerConfigurer - Global AuthenticationManager configured with UserDetailsService bean with name inMemoryUserDetailsManager
2025-05-28 16:27:56 [main] INFO  o.a.coyote.http11.Http11NioProtocol - Starting ProtocolHandler ["http-nio-8080"]
2025-05-28 16:27:56 [main] INFO  o.s.b.w.e.tomcat.TomcatWebServer - Tomcat started on port 8080 (http) with context path '/'
2025-05-28 16:27:56 [main] INFO  i.g.a.g.i.ProxyHandlerInitializer - Injecting adaptive managers into ProxyServerCallHandler
2025-05-28 16:27:56 [main] INFO  i.g.a.g.i.ProxyHandlerInitializer - Adaptive managers successfully injected into proxy handler
2025-05-28 16:27:56 [main] INFO  i.g.a.g.GStreamGateApplication - Started GStreamGateApplication in 7.92 seconds (process running for 8.971)
2025-05-28 16:27:56 [main] INFO  i.g.a.g.i.AdaptiveManagerInitializer - Initializing adaptive managers
2025-05-28 16:27:56 [main] INFO  i.g.a.g.i.AdaptiveManagerInitializer - Adaptive managers initialized successfully
2025-05-28 16:28:26 [pool-5-thread-1] INFO  i.g.a.g.h.ProxyServerCallHandler - Resource usage metrics: active calls=0, active client streams=0, total messages=0
2025-05-28 16:28:56 [pool-5-thread-1] INFO  i.g.a.g.h.ProxyServerCallHandler - Resource usage metrics: active calls=0, active client streams=0, total messages=0
2025-05-28 16:29:26 [pool-5-thread-1] INFO  i.g.a.g.h.ProxyServerCallHandler - Resource usage metrics: active calls=0, active client streams=0, total messages=0
2025-05-28 16:32:05 [main] INFO  i.g.a.g.GStreamGateApplication - Starting GStreamGateApplication v0.0.1-SNAPSHOT using Java 21.0.6 with PID 24872 (D:\alvin_workspace\gStreamGate\build\libs\gStreamGate-0.0.1-SNAPSHOT.jar started by AlvinChiu in D:\alvin_workspace\gStreamGate)
2025-05-28 16:32:05 [main] DEBUG i.g.a.g.GStreamGateApplication - Running with Spring Boot v3.5.0, Spring v6.2.7
2025-05-28 16:32:05 [main] INFO  i.g.a.g.GStreamGateApplication - No active profile set, falling back to 1 default profile: "default"
2025-05-28 16:32:06 [main] INFO  o.s.d.r.c.RepositoryConfigurationDelegate - Bootstrapping Spring Data JPA repositories in DEFAULT mode.
2025-05-28 16:32:06 [main] INFO  o.s.d.r.c.RepositoryConfigurationDelegate - Finished Spring Data repository scanning in 77 ms. Found 1 JPA repository interface.
2025-05-28 16:32:07 [main] INFO  o.s.b.w.e.tomcat.TomcatWebServer - Tomcat initialized with port 8080 (http)
2025-05-28 16:32:07 [main] INFO  o.a.coyote.http11.Http11NioProtocol - Initializing ProtocolHandler ["http-nio-8080"]
2025-05-28 16:32:07 [main] INFO  o.a.catalina.core.StandardService - Starting service [Tomcat]
2025-05-28 16:32:07 [main] INFO  o.a.catalina.core.StandardEngine - Starting Servlet engine: [Apache Tomcat/10.1.41]
2025-05-28 16:32:07 [main] INFO  o.a.c.c.C.[Tomcat].[localhost].[/] - Initializing Spring embedded WebApplicationContext
2025-05-28 16:32:07 [main] INFO  o.s.b.w.s.c.ServletWebServerApplicationContext - Root WebApplicationContext: initialization completed in 1901 ms
2025-05-28 16:32:07 [main] INFO  com.zaxxer.hikari.HikariDataSource - HikariPool-1 - Starting...
2025-05-28 16:32:07 [main] INFO  com.zaxxer.hikari.pool.HikariPool - HikariPool-1 - Added connection conn0: url=jdbc:h2:mem:gstreamgate user=SA
2025-05-28 16:32:07 [main] INFO  com.zaxxer.hikari.HikariDataSource - HikariPool-1 - Start completed.
2025-05-28 16:32:07 [main] INFO  o.h.jpa.internal.util.LogHelper - HHH000204: Processing PersistenceUnitInfo [name: default]
2025-05-28 16:32:08 [main] INFO  org.hibernate.Version - HHH000412: Hibernate ORM core version 6.6.15.Final
2025-05-28 16:32:08 [main] INFO  o.h.c.i.RegionFactoryInitiator - HHH000026: Second-level cache disabled
2025-05-28 16:32:08 [main] INFO  o.s.o.j.p.SpringPersistenceUnitInfo - No LoadTimeWeaver setup: ignoring JPA class transformer
2025-05-28 16:32:08 [main] WARN  org.hibernate.orm.deprecation - HHH90000025: H2Dialect does not need to be specified explicitly using 'hibernate.dialect' (remove the property setting and it will be selected by default)
2025-05-28 16:32:08 [main] INFO  o.hibernate.orm.connections.pooling - HHH10001005: Database info:
	Database JDBC URL [Connecting through datasource 'HikariDataSource (HikariPool-1)']
	Database driver: undefined/unknown
	Database version: 2.2.224
	Autocommit mode: undefined/unknown
	Isolation level: undefined/unknown
	Minimum pool size: undefined/unknown
	Maximum pool size: undefined/unknown
2025-05-28 16:32:09 [main] INFO  o.h.e.t.j.p.i.JtaPlatformInitiator - HHH000489: No JTA platform available (set 'hibernate.transaction.jta.platform' to enable JTA platform integration)
2025-05-28 16:32:09 [main] INFO  o.s.o.j.LocalContainerEntityManagerFactoryBean - Initialized JPA EntityManagerFactory for persistence unit 'default'
2025-05-28 16:32:10 [main] DEBUG i.g.a.g.m.DynamicGrpcProxyManager - Initializing dynamic gRPC proxy manager
2025-05-28 16:32:10 [main] DEBUG i.g.a.g.m.DynamicGrpcProxyManager - Refreshing proxy mappings from database
2025-05-28 16:32:10 [main] DEBUG i.g.a.g.m.DynamicGrpcProxyManager - Found 0 enabled proxy mappings
2025-05-28 16:32:10 [main] WARN  i.g.a.g.h.HostBasedHandlerRegistry - Initializing HostBasedHandlerRegistry, but no hostnames are included
2025-05-28 16:32:10 [main] DEBUG i.g.a.g.m.DynamicGrpcProxyManager - Proxy mapping refresh completed. Active channels: 0, hostnames: 
2025-05-28 16:32:10 [main] ERROR i.g.a.g.config.GrpcTlsConfig - Could not find keystore file: classpath:keystore/server.p12
2025-05-28 16:32:10 [main] INFO  i.g.a.g.server.GrpcProxyServer - Initializing gRPC proxy server on port 50051
2025-05-28 16:32:10 [main] INFO  i.g.a.g.server.GrpcProxyServer - Starting gRPC proxy server...
2025-05-28 16:32:10 [main] INFO  i.g.a.g.server.GrpcProxyServer - Starting gRPC proxy server without TLS on port 50051 with enhanced message size limits
2025-05-28 16:32:10 [main] DEBUG i.g.a.g.server.GrpcProxyServer - TLS configuration: enabled=false, sslContext=null
2025-05-28 16:32:10 [main] WARN  i.g.a.g.server.GrpcProxyServer - No upstream services registered. Proxy server will start but won't forward any requests
2025-05-28 16:32:10 [main] INFO  i.g.a.g.server.GrpcProxyServer - gRPC Proxy server started successfully on port 50051 (no TLS) and enhanced HTTP/2 settings
2025-05-28 16:32:10 [main] INFO  i.g.a.g.server.GrpcProxyServer - System resources: Max memory=4060MB, Total memory=80MB, Used memory=53MB, Free memory=26MB, Available processors=8
2025-05-28 16:32:10 [main] WARN  o.s.b.a.o.j.JpaBaseConfiguration$JpaWebConfiguration - spring.jpa.open-in-view is enabled by default. Therefore, database queries may be performed during view rendering. Explicitly configure spring.jpa.open-in-view to disable this warning
2025-05-28 16:32:11 [main] INFO  o.s.b.a.h.H2ConsoleAutoConfiguration - H2 console available at '/h2-console'. Database available at 'jdbc:h2:mem:gstreamgate'
2025-05-28 16:32:11 [main] WARN  o.s.b.a.s.s.UserDetailsServiceAutoConfiguration - 

Using generated security password: ef614536-bc22-4808-b6fb-66135eedb0be

This generated password is for development use only. Your security configuration must be updated before running your application in production.

2025-05-28 16:32:11 [main] INFO  o.s.s.c.a.a.c.InitializeUserDetailsBeanManagerConfigurer$InitializeUserDetailsManagerConfigurer - Global AuthenticationManager configured with UserDetailsService bean with name inMemoryUserDetailsManager
2025-05-28 16:32:11 [main] INFO  o.a.coyote.http11.Http11NioProtocol - Starting ProtocolHandler ["http-nio-8080"]
2025-05-28 16:32:11 [main] INFO  o.s.b.w.e.tomcat.TomcatWebServer - Tomcat started on port 8080 (http) with context path '/'
2025-05-28 16:32:11 [main] INFO  i.g.a.g.i.ProxyHandlerInitializer - Injecting adaptive managers into ProxyServerCallHandler
2025-05-28 16:32:11 [main] INFO  i.g.a.g.i.ProxyHandlerInitializer - Adaptive managers successfully injected into proxy handler
2025-05-28 16:32:11 [main] INFO  i.g.a.g.GStreamGateApplication - Started GStreamGateApplication in 7.247 seconds (process running for 8.599)
2025-05-28 16:32:11 [main] INFO  i.g.a.g.i.AdaptiveManagerInitializer - Initializing adaptive managers
2025-05-28 16:32:12 [main] INFO  i.g.a.g.i.AdaptiveManagerInitializer - Adaptive managers initialized successfully
2025-05-28 16:32:41 [pool-5-thread-1] INFO  i.g.a.g.h.ProxyServerCallHandler - Resource usage metrics: active calls=0, active client streams=0, total messages=0
2025-05-28 16:33:11 [pool-5-thread-1] INFO  i.g.a.g.h.ProxyServerCallHandler - Resource usage metrics: active calls=0, active client streams=0, total messages=0
2025-05-28 16:33:41 [pool-5-thread-1] INFO  i.g.a.g.h.ProxyServerCallHandler - Resource usage metrics: active calls=0, active client streams=0, total messages=0
2025-05-28 16:54:13 [main] INFO  i.g.a.g.GStreamGateApplication - Starting GStreamGateApplication v0.0.1-SNAPSHOT using Java 21.0.6 with PID 21632 (D:\alvin_workspace\gStreamGate\build\libs\gStreamGate-0.0.1-SNAPSHOT.jar started by AlvinChiu in D:\alvin_workspace\gStreamGate)
2025-05-28 16:54:13 [main] DEBUG i.g.a.g.GStreamGateApplication - Running with Spring Boot v3.5.0, Spring v6.2.7
2025-05-28 16:54:13 [main] INFO  i.g.a.g.GStreamGateApplication - No active profile set, falling back to 1 default profile: "default"
2025-05-28 16:54:15 [main] INFO  o.s.d.r.c.RepositoryConfigurationDelegate - Bootstrapping Spring Data JPA repositories in DEFAULT mode.
2025-05-28 16:54:15 [main] INFO  o.s.d.r.c.RepositoryConfigurationDelegate - Finished Spring Data repository scanning in 103 ms. Found 1 JPA repository interface.
2025-05-28 16:54:16 [main] INFO  o.s.b.w.e.tomcat.TomcatWebServer - Tomcat initialized with port 8080 (http)
2025-05-28 16:54:16 [main] INFO  o.a.coyote.http11.Http11NioProtocol - Initializing ProtocolHandler ["http-nio-8080"]
2025-05-28 16:54:16 [main] INFO  o.a.catalina.core.StandardService - Starting service [Tomcat]
2025-05-28 16:54:16 [main] INFO  o.a.catalina.core.StandardEngine - Starting Servlet engine: [Apache Tomcat/10.1.41]
2025-05-28 16:54:16 [main] INFO  o.a.c.c.C.[Tomcat].[localhost].[/] - Initializing Spring embedded WebApplicationContext
2025-05-28 16:54:16 [main] INFO  o.s.b.w.s.c.ServletWebServerApplicationContext - Root WebApplicationContext: initialization completed in 2531 ms
2025-05-28 16:54:16 [main] INFO  com.zaxxer.hikari.HikariDataSource - HikariPool-1 - Starting...
2025-05-28 16:54:17 [main] INFO  com.zaxxer.hikari.pool.HikariPool - HikariPool-1 - Added connection conn0: url=jdbc:h2:mem:gstreamgate user=SA
2025-05-28 16:54:17 [main] INFO  com.zaxxer.hikari.HikariDataSource - HikariPool-1 - Start completed.
2025-05-28 16:54:17 [main] INFO  o.h.jpa.internal.util.LogHelper - HHH000204: Processing PersistenceUnitInfo [name: default]
2025-05-28 16:54:17 [main] INFO  org.hibernate.Version - HHH000412: Hibernate ORM core version 6.6.15.Final
2025-05-28 16:54:17 [main] INFO  o.h.c.i.RegionFactoryInitiator - HHH000026: Second-level cache disabled
2025-05-28 16:54:18 [main] INFO  o.s.o.j.p.SpringPersistenceUnitInfo - No LoadTimeWeaver setup: ignoring JPA class transformer
2025-05-28 16:54:18 [main] WARN  org.hibernate.orm.deprecation - HHH90000025: H2Dialect does not need to be specified explicitly using 'hibernate.dialect' (remove the property setting and it will be selected by default)
2025-05-28 16:54:18 [main] INFO  o.hibernate.orm.connections.pooling - HHH10001005: Database info:
	Database JDBC URL [Connecting through datasource 'HikariDataSource (HikariPool-1)']
	Database driver: undefined/unknown
	Database version: 2.2.224
	Autocommit mode: undefined/unknown
	Isolation level: undefined/unknown
	Minimum pool size: undefined/unknown
	Maximum pool size: undefined/unknown
2025-05-28 16:54:19 [main] INFO  o.h.e.t.j.p.i.JtaPlatformInitiator - HHH000489: No JTA platform available (set 'hibernate.transaction.jta.platform' to enable JTA platform integration)
2025-05-28 16:54:19 [main] INFO  o.s.o.j.LocalContainerEntityManagerFactoryBean - Initialized JPA EntityManagerFactory for persistence unit 'default'
2025-05-28 16:54:20 [main] DEBUG i.g.a.g.m.DynamicGrpcProxyManager - Initializing dynamic gRPC proxy manager
2025-05-28 16:54:20 [main] DEBUG i.g.a.g.m.DynamicGrpcProxyManager - Refreshing proxy mappings from database
2025-05-28 16:54:20 [main] DEBUG i.g.a.g.m.DynamicGrpcProxyManager - Found 0 enabled proxy mappings
2025-05-28 16:54:20 [main] WARN  i.g.a.g.h.HostBasedHandlerRegistry - Initializing HostBasedHandlerRegistry, but no hostnames are included
2025-05-28 16:54:20 [main] DEBUG i.g.a.g.m.DynamicGrpcProxyManager - Proxy mapping refresh completed. Active channels: 0, hostnames: 
2025-05-28 16:54:20 [main] ERROR i.g.a.g.config.GrpcTlsConfig - Could not find keystore file: classpath:keystore/server.p12
2025-05-28 16:54:20 [main] INFO  i.g.a.g.server.GrpcProxyServer - Initializing gRPC proxy server on port 50051
2025-05-28 16:54:20 [main] INFO  i.g.a.g.server.GrpcProxyServer - Starting gRPC proxy server...
2025-05-28 16:54:20 [main] INFO  i.g.a.g.server.GrpcProxyServer - Starting gRPC proxy server without TLS on port 50051 with enhanced message size limits
2025-05-28 16:54:20 [main] DEBUG i.g.a.g.server.GrpcProxyServer - TLS configuration: enabled=false, sslContext=null
2025-05-28 16:54:20 [main] WARN  i.g.a.g.server.GrpcProxyServer - No upstream services registered. Proxy server will start but won't forward any requests
2025-05-28 16:54:20 [main] ERROR i.g.a.g.server.GrpcProxyServer - Failed to start gRPC proxy server on port 50051: Failed to bind to address 0.0.0.0/0.0.0.0:50051
java.io.IOException: Failed to bind to address 0.0.0.0/0.0.0.0:50051
	at io.grpc.netty.shaded.io.grpc.netty.NettyServer.start(NettyServer.java:333)
	at io.grpc.internal.ServerImpl.start(ServerImpl.java:185)
	at io.grpc.internal.ServerImpl.start(ServerImpl.java:94)
	at io.github.alvinchiu.gstreamgate.server.GrpcProxyServer.start(GrpcProxyServer.java:164)
	at java.base/jdk.internal.reflect.DirectMethodHandleAccessor.invoke(DirectMethodHandleAccessor.java:103)
	at java.base/java.lang.reflect.Method.invoke(Method.java:580)
	at org.springframework.beans.factory.annotation.InitDestroyAnnotationBeanPostProcessor$LifecycleMethod.invoke(InitDestroyAnnotationBeanPostProcessor.java:457)
	at org.springframework.beans.factory.annotation.InitDestroyAnnotationBeanPostProcessor$LifecycleMetadata.invokeInitMethods(InitDestroyAnnotationBeanPostProcessor.java:401)
	at org.springframework.beans.factory.annotation.InitDestroyAnnotationBeanPostProcessor.postProcessBeforeInitialization(InitDestroyAnnotationBeanPostProcessor.java:219)
	at org.springframework.beans.factory.support.AbstractAutowireCapableBeanFactory.applyBeanPostProcessorsBeforeInitialization(AbstractAutowireCapableBeanFactory.java:429)
	at org.springframework.beans.factory.support.AbstractAutowireCapableBeanFactory.initializeBean(AbstractAutowireCapableBeanFactory.java:1818)
	at org.springframework.beans.factory.support.AbstractAutowireCapableBeanFactory.doCreateBean(AbstractAutowireCapableBeanFactory.java:607)
	at org.springframework.beans.factory.support.AbstractAutowireCapableBeanFactory.createBean(AbstractAutowireCapableBeanFactory.java:529)
	at org.springframework.beans.factory.support.AbstractBeanFactory.lambda$doGetBean$0(AbstractBeanFactory.java:339)
	at org.springframework.beans.factory.support.DefaultSingletonBeanRegistry.getSingleton(DefaultSingletonBeanRegistry.java:373)
	at org.springframework.beans.factory.support.AbstractBeanFactory.doGetBean(AbstractBeanFactory.java:337)
	at org.springframework.beans.factory.support.AbstractBeanFactory.getBean(AbstractBeanFactory.java:202)
	at org.springframework.beans.factory.support.DefaultListableBeanFactory.instantiateSingleton(DefaultListableBeanFactory.java:1222)
	at org.springframework.beans.factory.support.DefaultListableBeanFactory.preInstantiateSingleton(DefaultListableBeanFactory.java:1188)
	at org.springframework.beans.factory.support.DefaultListableBeanFactory.preInstantiateSingletons(DefaultListableBeanFactory.java:1123)
	at org.springframework.context.support.AbstractApplicationContext.finishBeanFactoryInitialization(AbstractApplicationContext.java:987)
	at org.springframework.context.support.AbstractApplicationContext.refresh(AbstractApplicationContext.java:627)
	at org.springframework.boot.web.servlet.context.ServletWebServerApplicationContext.refresh(ServletWebServerApplicationContext.java:146)
	at org.springframework.boot.SpringApplication.refresh(SpringApplication.java:753)
	at org.springframework.boot.SpringApplication.refreshContext(SpringApplication.java:439)
	at org.springframework.boot.SpringApplication.run(SpringApplication.java:318)
	at org.springframework.boot.SpringApplication.run(SpringApplication.java:1362)
	at org.springframework.boot.SpringApplication.run(SpringApplication.java:1351)
	at io.github.alvinchiu.gstreamgate.GStreamGateApplication.main(GStreamGateApplication.java:9)
	at java.base/jdk.internal.reflect.DirectMethodHandleAccessor.invoke(DirectMethodHandleAccessor.java:103)
	at java.base/java.lang.reflect.Method.invoke(Method.java:580)
	at org.springframework.boot.loader.launch.Launcher.launch(Launcher.java:102)
	at org.springframework.boot.loader.launch.Launcher.launch(Launcher.java:64)
	at org.springframework.boot.loader.launch.JarLauncher.main(JarLauncher.java:40)
Caused by: java.net.BindException: Address already in use: bind
	at java.base/sun.nio.ch.Net.bind0(Native Method)
	at java.base/sun.nio.ch.Net.bind(Net.java:565)
	at java.base/sun.nio.ch.ServerSocketChannelImpl.netBind(ServerSocketChannelImpl.java:344)
	at java.base/sun.nio.ch.ServerSocketChannelImpl.bind(ServerSocketChannelImpl.java:301)
	at io.grpc.netty.shaded.io.netty.channel.socket.nio.NioServerSocketChannel.doBind(NioServerSocketChannel.java:141)
	at io.grpc.netty.shaded.io.netty.channel.AbstractChannel$AbstractUnsafe.bind(AbstractChannel.java:562)
	at io.grpc.netty.shaded.io.netty.channel.DefaultChannelPipeline$HeadContext.bind(DefaultChannelPipeline.java:1334)
	at io.grpc.netty.shaded.io.netty.channel.AbstractChannelHandlerContext.invokeBind(AbstractChannelHandlerContext.java:600)
	at io.grpc.netty.shaded.io.netty.channel.AbstractChannelHandlerContext.bind(AbstractChannelHandlerContext.java:579)
	at io.grpc.netty.shaded.io.netty.channel.DefaultChannelPipeline.bind(DefaultChannelPipeline.java:973)
	at io.grpc.netty.shaded.io.netty.channel.AbstractChannel.bind(AbstractChannel.java:260)
	at io.grpc.netty.shaded.io.netty.bootstrap.AbstractBootstrap$2.run(AbstractBootstrap.java:356)
	at io.grpc.netty.shaded.io.netty.util.concurrent.AbstractEventExecutor.runTask(AbstractEventExecutor.java:173)
	at io.grpc.netty.shaded.io.netty.util.concurrent.AbstractEventExecutor.safeExecute(AbstractEventExecutor.java:166)
	at io.grpc.netty.shaded.io.netty.util.concurrent.SingleThreadEventExecutor.runAllTasks(SingleThreadEventExecutor.java:470)
	at io.grpc.netty.shaded.io.netty.channel.nio.NioEventLoop.run(NioEventLoop.java:569)
	at io.grpc.netty.shaded.io.netty.util.concurrent.SingleThreadEventExecutor$4.run(SingleThreadEventExecutor.java:997)
	at io.grpc.netty.shaded.io.netty.util.internal.ThreadExecutorMap$2.run(ThreadExecutorMap.java:74)
	at io.grpc.netty.shaded.io.netty.util.concurrent.FastThreadLocalRunnable.run(FastThreadLocalRunnable.java:30)
	at java.base/java.lang.Thread.run(Thread.java:1583)
2025-05-28 16:54:20 [main] WARN  o.s.b.w.s.c.AnnotationConfigServletWebServerApplicationContext - Exception encountered during context initialization - cancelling refresh attempt: org.springframework.beans.factory.BeanCreationException: Error creating bean with name 'grpcProxyServer': Invocation of init method failed
2025-05-28 16:54:20 [main] INFO  o.s.o.j.LocalContainerEntityManagerFactoryBean - Closing JPA EntityManagerFactory for persistence unit 'default'
2025-05-28 16:54:20 [main] INFO  com.zaxxer.hikari.HikariDataSource - HikariPool-1 - Shutdown initiated...
2025-05-28 16:54:20 [main] INFO  com.zaxxer.hikari.HikariDataSource - HikariPool-1 - Shutdown completed.
2025-05-28 16:54:20 [main] INFO  o.a.catalina.core.StandardService - Stopping service [Tomcat]
2025-05-28 16:54:20 [main] INFO  o.s.b.a.l.ConditionEvaluationReportLogger - 

Error starting ApplicationContext. To display the condition evaluation report re-run your application with 'debug' enabled.
2025-05-28 16:54:20 [main] ERROR o.s.boot.SpringApplication - Application run failed
org.springframework.beans.factory.BeanCreationException: Error creating bean with name 'grpcProxyServer': Invocation of init method failed
	at org.springframework.beans.factory.annotation.InitDestroyAnnotationBeanPostProcessor.postProcessBeforeInitialization(InitDestroyAnnotationBeanPostProcessor.java:222)
	at org.springframework.beans.factory.support.AbstractAutowireCapableBeanFactory.applyBeanPostProcessorsBeforeInitialization(AbstractAutowireCapableBeanFactory.java:429)
	at org.springframework.beans.factory.support.AbstractAutowireCapableBeanFactory.initializeBean(AbstractAutowireCapableBeanFactory.java:1818)
	at org.springframework.beans.factory.support.AbstractAutowireCapableBeanFactory.doCreateBean(AbstractAutowireCapableBeanFactory.java:607)
	at org.springframework.beans.factory.support.AbstractAutowireCapableBeanFactory.createBean(AbstractAutowireCapableBeanFactory.java:529)
	at org.springframework.beans.factory.support.AbstractBeanFactory.lambda$doGetBean$0(AbstractBeanFactory.java:339)
	at org.springframework.beans.factory.support.DefaultSingletonBeanRegistry.getSingleton(DefaultSingletonBeanRegistry.java:373)
	at org.springframework.beans.factory.support.AbstractBeanFactory.doGetBean(AbstractBeanFactory.java:337)
	at org.springframework.beans.factory.support.AbstractBeanFactory.getBean(AbstractBeanFactory.java:202)
	at org.springframework.beans.factory.support.DefaultListableBeanFactory.instantiateSingleton(DefaultListableBeanFactory.java:1222)
	at org.springframework.beans.factory.support.DefaultListableBeanFactory.preInstantiateSingleton(DefaultListableBeanFactory.java:1188)
	at org.springframework.beans.factory.support.DefaultListableBeanFactory.preInstantiateSingletons(DefaultListableBeanFactory.java:1123)
	at org.springframework.context.support.AbstractApplicationContext.finishBeanFactoryInitialization(AbstractApplicationContext.java:987)
	at org.springframework.context.support.AbstractApplicationContext.refresh(AbstractApplicationContext.java:627)
	at org.springframework.boot.web.servlet.context.ServletWebServerApplicationContext.refresh(ServletWebServerApplicationContext.java:146)
	at org.springframework.boot.SpringApplication.refresh(SpringApplication.java:753)
	at org.springframework.boot.SpringApplication.refreshContext(SpringApplication.java:439)
	at org.springframework.boot.SpringApplication.run(SpringApplication.java:318)
	at org.springframework.boot.SpringApplication.run(SpringApplication.java:1362)
	at org.springframework.boot.SpringApplication.run(SpringApplication.java:1351)
	at io.github.alvinchiu.gstreamgate.GStreamGateApplication.main(GStreamGateApplication.java:9)
	at java.base/jdk.internal.reflect.DirectMethodHandleAccessor.invoke(DirectMethodHandleAccessor.java:103)
	at java.base/java.lang.reflect.Method.invoke(Method.java:580)
	at org.springframework.boot.loader.launch.Launcher.launch(Launcher.java:102)
	at org.springframework.boot.loader.launch.Launcher.launch(Launcher.java:64)
	at org.springframework.boot.loader.launch.JarLauncher.main(JarLauncher.java:40)
Caused by: java.io.IOException: Failed to start gRPC proxy server: Failed to bind to address 0.0.0.0/0.0.0.0:50051
	at io.github.alvinchiu.gstreamgate.server.GrpcProxyServer.start(GrpcProxyServer.java:175)
	at java.base/jdk.internal.reflect.DirectMethodHandleAccessor.invoke(DirectMethodHandleAccessor.java:103)
	at java.base/java.lang.reflect.Method.invoke(Method.java:580)
	at org.springframework.beans.factory.annotation.InitDestroyAnnotationBeanPostProcessor$LifecycleMethod.invoke(InitDestroyAnnotationBeanPostProcessor.java:457)
	at org.springframework.beans.factory.annotation.InitDestroyAnnotationBeanPostProcessor$LifecycleMetadata.invokeInitMethods(InitDestroyAnnotationBeanPostProcessor.java:401)
	at org.springframework.beans.factory.annotation.InitDestroyAnnotationBeanPostProcessor.postProcessBeforeInitialization(InitDestroyAnnotationBeanPostProcessor.java:219)
	... 25 common frames omitted
Caused by: java.io.IOException: Failed to bind to address 0.0.0.0/0.0.0.0:50051
	at io.grpc.netty.shaded.io.grpc.netty.NettyServer.start(NettyServer.java:333)
	at io.grpc.internal.ServerImpl.start(ServerImpl.java:185)
	at io.grpc.internal.ServerImpl.start(ServerImpl.java:94)
	at io.github.alvinchiu.gstreamgate.server.GrpcProxyServer.start(GrpcProxyServer.java:164)
	... 30 common frames omitted
Caused by: java.net.BindException: Address already in use: bind
	at java.base/sun.nio.ch.Net.bind0(Native Method)
	at java.base/sun.nio.ch.Net.bind(Net.java:565)
	at java.base/sun.nio.ch.ServerSocketChannelImpl.netBind(ServerSocketChannelImpl.java:344)
	at java.base/sun.nio.ch.ServerSocketChannelImpl.bind(ServerSocketChannelImpl.java:301)
	at io.grpc.netty.shaded.io.netty.channel.socket.nio.NioServerSocketChannel.doBind(NioServerSocketChannel.java:141)
	at io.grpc.netty.shaded.io.netty.channel.AbstractChannel$AbstractUnsafe.bind(AbstractChannel.java:562)
	at io.grpc.netty.shaded.io.netty.channel.DefaultChannelPipeline$HeadContext.bind(DefaultChannelPipeline.java:1334)
	at io.grpc.netty.shaded.io.netty.channel.AbstractChannelHandlerContext.invokeBind(AbstractChannelHandlerContext.java:600)
	at io.grpc.netty.shaded.io.netty.channel.AbstractChannelHandlerContext.bind(AbstractChannelHandlerContext.java:579)
	at io.grpc.netty.shaded.io.netty.channel.DefaultChannelPipeline.bind(DefaultChannelPipeline.java:973)
	at io.grpc.netty.shaded.io.netty.channel.AbstractChannel.bind(AbstractChannel.java:260)
	at io.grpc.netty.shaded.io.netty.bootstrap.AbstractBootstrap$2.run(AbstractBootstrap.java:356)
	at io.grpc.netty.shaded.io.netty.util.concurrent.AbstractEventExecutor.runTask(AbstractEventExecutor.java:173)
	at io.grpc.netty.shaded.io.netty.util.concurrent.AbstractEventExecutor.safeExecute(AbstractEventExecutor.java:166)
	at io.grpc.netty.shaded.io.netty.util.concurrent.SingleThreadEventExecutor.runAllTasks(SingleThreadEventExecutor.java:470)
	at io.grpc.netty.shaded.io.netty.channel.nio.NioEventLoop.run(NioEventLoop.java:569)
	at io.grpc.netty.shaded.io.netty.util.concurrent.SingleThreadEventExecutor$4.run(SingleThreadEventExecutor.java:997)
	at io.grpc.netty.shaded.io.netty.util.internal.ThreadExecutorMap$2.run(ThreadExecutorMap.java:74)
	at io.grpc.netty.shaded.io.netty.util.concurrent.FastThreadLocalRunnable.run(FastThreadLocalRunnable.java:30)
	at java.base/java.lang.Thread.run(Thread.java:1583)
2025-05-28 16:54:45 [main] INFO  i.g.a.g.GStreamGateApplication - Starting GStreamGateApplication v0.0.1-SNAPSHOT using Java 21.0.6 with PID 19896 (D:\alvin_workspace\gStreamGate\build\libs\gStreamGate-0.0.1-SNAPSHOT.jar started by AlvinChiu in D:\alvin_workspace\gStreamGate)
2025-05-28 16:54:45 [main] DEBUG i.g.a.g.GStreamGateApplication - Running with Spring Boot v3.5.0, Spring v6.2.7
2025-05-28 16:54:45 [main] INFO  i.g.a.g.GStreamGateApplication - No active profile set, falling back to 1 default profile: "default"
2025-05-28 16:54:46 [main] INFO  o.s.d.r.c.RepositoryConfigurationDelegate - Bootstrapping Spring Data JPA repositories in DEFAULT mode.
2025-05-28 16:54:46 [main] INFO  o.s.d.r.c.RepositoryConfigurationDelegate - Finished Spring Data repository scanning in 99 ms. Found 1 JPA repository interface.
2025-05-28 16:54:48 [main] INFO  o.s.b.w.e.tomcat.TomcatWebServer - Tomcat initialized with port 8080 (http)
2025-05-28 16:54:48 [main] INFO  o.a.coyote.http11.Http11NioProtocol - Initializing ProtocolHandler ["http-nio-8080"]
2025-05-28 16:54:48 [main] INFO  o.a.catalina.core.StandardService - Starting service [Tomcat]
2025-05-28 16:54:48 [main] INFO  o.a.catalina.core.StandardEngine - Starting Servlet engine: [Apache Tomcat/10.1.41]
2025-05-28 16:54:48 [main] INFO  o.a.c.c.C.[Tomcat].[localhost].[/] - Initializing Spring embedded WebApplicationContext
2025-05-28 16:54:48 [main] INFO  o.s.b.w.s.c.ServletWebServerApplicationContext - Root WebApplicationContext: initialization completed in 2956 ms
2025-05-28 16:54:48 [main] INFO  com.zaxxer.hikari.HikariDataSource - HikariPool-1 - Starting...
2025-05-28 16:54:48 [main] INFO  com.zaxxer.hikari.pool.HikariPool - HikariPool-1 - Added connection conn0: url=jdbc:h2:mem:gstreamgate user=SA
2025-05-28 16:54:48 [main] INFO  com.zaxxer.hikari.HikariDataSource - HikariPool-1 - Start completed.
2025-05-28 16:54:49 [main] INFO  o.h.jpa.internal.util.LogHelper - HHH000204: Processing PersistenceUnitInfo [name: default]
2025-05-28 16:54:49 [main] INFO  org.hibernate.Version - HHH000412: Hibernate ORM core version 6.6.15.Final
2025-05-28 16:54:49 [main] INFO  o.h.c.i.RegionFactoryInitiator - HHH000026: Second-level cache disabled
2025-05-28 16:54:50 [main] INFO  o.s.o.j.p.SpringPersistenceUnitInfo - No LoadTimeWeaver setup: ignoring JPA class transformer
2025-05-28 16:54:50 [main] WARN  org.hibernate.orm.deprecation - HHH90000025: H2Dialect does not need to be specified explicitly using 'hibernate.dialect' (remove the property setting and it will be selected by default)
2025-05-28 16:54:50 [main] INFO  o.hibernate.orm.connections.pooling - HHH10001005: Database info:
	Database JDBC URL [Connecting through datasource 'HikariDataSource (HikariPool-1)']
	Database driver: undefined/unknown
	Database version: 2.2.224
	Autocommit mode: undefined/unknown
	Isolation level: undefined/unknown
	Minimum pool size: undefined/unknown
	Maximum pool size: undefined/unknown
2025-05-28 16:54:51 [main] INFO  o.h.e.t.j.p.i.JtaPlatformInitiator - HHH000489: No JTA platform available (set 'hibernate.transaction.jta.platform' to enable JTA platform integration)
2025-05-28 16:54:51 [main] INFO  o.s.o.j.LocalContainerEntityManagerFactoryBean - Initialized JPA EntityManagerFactory for persistence unit 'default'
2025-05-28 16:54:52 [main] DEBUG i.g.a.g.m.DynamicGrpcProxyManager - Initializing dynamic gRPC proxy manager
2025-05-28 16:54:52 [main] DEBUG i.g.a.g.m.DynamicGrpcProxyManager - Refreshing proxy mappings from database
2025-05-28 16:54:52 [main] DEBUG i.g.a.g.m.DynamicGrpcProxyManager - Found 0 enabled proxy mappings
2025-05-28 16:54:52 [main] WARN  i.g.a.g.h.HostBasedHandlerRegistry - Initializing HostBasedHandlerRegistry, but no hostnames are included
2025-05-28 16:54:52 [main] DEBUG i.g.a.g.m.DynamicGrpcProxyManager - Proxy mapping refresh completed. Active channels: 0, hostnames: 
2025-05-28 16:54:52 [main] ERROR i.g.a.g.config.GrpcTlsConfig - Could not find keystore file: classpath:keystore/server.p12
2025-05-28 16:54:52 [main] INFO  i.g.a.g.server.GrpcProxyServer - Initializing gRPC proxy server on port 50058
2025-05-28 16:54:52 [main] INFO  i.g.a.g.server.GrpcProxyServer - Starting gRPC proxy server...
2025-05-28 16:54:52 [main] INFO  i.g.a.g.server.GrpcProxyServer - Starting gRPC proxy server without TLS on port 50058 with enhanced message size limits
2025-05-28 16:54:52 [main] DEBUG i.g.a.g.server.GrpcProxyServer - TLS configuration: enabled=false, sslContext=null
2025-05-28 16:54:52 [main] WARN  i.g.a.g.server.GrpcProxyServer - No upstream services registered. Proxy server will start but won't forward any requests
2025-05-28 16:54:53 [main] INFO  i.g.a.g.server.GrpcProxyServer - gRPC Proxy server started successfully on port 50058 (no TLS) and enhanced HTTP/2 settings
2025-05-28 16:54:53 [main] INFO  i.g.a.g.server.GrpcProxyServer - System resources: Max memory=4060MB, Total memory=80MB, Used memory=53MB, Free memory=26MB, Available processors=8
2025-05-28 16:54:53 [main] WARN  o.s.b.a.o.j.JpaBaseConfiguration$JpaWebConfiguration - spring.jpa.open-in-view is enabled by default. Therefore, database queries may be performed during view rendering. Explicitly configure spring.jpa.open-in-view to disable this warning
2025-05-28 16:54:53 [main] INFO  o.s.b.a.h.H2ConsoleAutoConfiguration - H2 console available at '/h2-console'. Database available at 'jdbc:h2:mem:gstreamgate'
2025-05-28 16:54:54 [main] WARN  o.s.b.a.s.s.UserDetailsServiceAutoConfiguration - 

Using generated security password: 5517a327-7df4-4951-94e1-c0c0a7198b28

This generated password is for development use only. Your security configuration must be updated before running your application in production.

2025-05-28 16:54:54 [main] INFO  o.s.s.c.a.a.c.InitializeUserDetailsBeanManagerConfigurer$InitializeUserDetailsManagerConfigurer - Global AuthenticationManager configured with UserDetailsService bean with name inMemoryUserDetailsManager
2025-05-28 16:54:54 [main] INFO  o.a.coyote.http11.Http11NioProtocol - Starting ProtocolHandler ["http-nio-8080"]
2025-05-28 16:54:54 [main] WARN  o.s.b.w.s.c.AnnotationConfigServletWebServerApplicationContext - Exception encountered during context initialization - cancelling refresh attempt: org.springframework.context.ApplicationContextException: Failed to start bean 'webServerStartStop'
2025-05-28 16:54:54 [main] INFO  i.g.a.g.server.GrpcProxyServer - Stopping gRPC proxy server...
2025-05-28 16:54:54 [main] INFO  i.g.a.g.server.GrpcProxyServer - gRPC proxy server stopped
2025-05-28 16:54:54 [main] INFO  o.s.o.j.LocalContainerEntityManagerFactoryBean - Closing JPA EntityManagerFactory for persistence unit 'default'
2025-05-28 16:54:54 [main] INFO  com.zaxxer.hikari.HikariDataSource - HikariPool-1 - Shutdown initiated...
2025-05-28 16:54:54 [main] INFO  com.zaxxer.hikari.HikariDataSource - HikariPool-1 - Shutdown completed.
2025-05-28 16:54:54 [main] INFO  o.s.b.a.l.ConditionEvaluationReportLogger - 

Error starting ApplicationContext. To display the condition evaluation report re-run your application with 'debug' enabled.
2025-05-28 16:54:54 [main] ERROR o.s.b.d.LoggingFailureAnalysisReporter - 

***************************
APPLICATION FAILED TO START
***************************

Description:

Web server failed to start. Port 8080 was already in use.

Action:

Identify and stop the process that's listening on port 8080 or configure this application to listen on another port.

2025-05-28 16:54:54 [Thread-1] INFO  i.g.a.g.server.GrpcProxyServer - Shutdown hook triggered, stopping gRPC proxy server...
